// Jest Snapshot v1, https://goo.gl/fbAQLP

exports[`Home should match the snapshot 1`] = `
<DocumentFragment>
  <div
    class="layout__Wrapper-sc-j204bx-0 ldzayb"
  >
    <main
      class="layout__Main-sc-j204bx-1 eTRGqX"
    >
      <h1>
        e46 Fuse Checker
      </h1>
      <p>
        Use the search input below or click any of the fuse buttons to see equipment items that share a fuse within BMW e46's.
      </p>
      <form
        autocomplete="off"
        class="search__Form-sc-bhhmub-0 hDbVJe"
      >
        <div
          class="search__FormGroup-sc-bhhmub-1 bDbbVQ"
        >
          <label
            class="search__Label-sc-bhhmub-4 hfgjNB"
            for="search"
          >
            Search for a fuse
          </label>
          <input
            class="search__Input-sc-bhhmub-3 edbpFA"
            id="search"
          />
        </div>
      </form>
      <div
        class="fuse-list__ListWrapper-sc-1gw2dho-3 fncDRc"
      >
        <dl
          class="fuse-list__Dl-sc-1gw2dho-0 kfBxpx"
        >
          <div
            class="fuse-list__ItemWrapper-sc-1gw2dho-4 ekVjBZ"
          >
            <dd
              class="fuse-list__Dd-sc-1gw2dho-1 jCPjXa"
            >
              ABS, ASC
            </dd>
            <dt
              class="fuse-list__Dt-sc-1gw2dho-2 jolBaN"
            >
              <button
                aria-label="Fuse number 12 used by ABS, ASC"
                class="fuse-item__Fuse-sc-ubvqww-0 fEAcZ"
                type="button"
              >
                12
              </button>
              <button
                aria-label="Fuse number 33 used by ABS, ASC"
                class="fuse-item__Fuse-sc-ubvqww-0 fEAcZ"
                type="button"
              >
                33
              </button>
              <button
                aria-label="Fuse number 42 used by ABS, ASC"
                class="fuse-item__Fuse-sc-ubvqww-0 fEAcZ"
                type="button"
              >
                42
              </button>
              <button
                aria-label="Fuse number 53 used by ABS, ASC"
                class="fuse-item__Fuse-sc-ubvqww-0 fEAcZ"
                type="button"
              >
                53
              </button>
              <button
                aria-label="Fuse number 56 used by ABS, ASC"
                class="fuse-item__Fuse-sc-ubvqww-0 fEAcZ"
                type="button"
              >
                56
              </button>
            </dt>
          </div>
          <div
            class="fuse-list__ItemWrapper-sc-1gw2dho-4 ekVjBZ"
          >
            <dd
              class="fuse-list__Dd-sc-1gw2dho-1 jCPjXa"
            >
              Adjustment driver seat
            </dd>
            <dt
              class="fuse-list__Dt-sc-1gw2dho-2 jolBaN"
            >
              <button
                aria-label="Fuse number 65 used by Adjustment driver seat"
                class="fuse-item__Fuse-sc-ubvqww-0 fEAcZ"
                type="button"
              >
                65
              </button>
            </dt>
          </div>
          <div
            class="fuse-list__ItemWrapper-sc-1gw2dho-4 ekVjBZ"
          >
            <dd
              class="fuse-list__Dd-sc-1gw2dho-1 jCPjXa"
            >
              Adjustment passenger seat
            </dd>
            <dt
              class="fuse-list__Dt-sc-1gw2dho-2 jolBaN"
            >
              <button
                aria-label="Fuse number 70 used by Adjustment passenger seat"
                class="fuse-item__Fuse-sc-ubvqww-0 fEAcZ"
                type="button"
              >
                70
              </button>
            </dt>
          </div>
          <div
            class="fuse-list__ItemWrapper-sc-1gw2dho-4 ekVjBZ"
          >
            <dd
              class="fuse-list__Dd-sc-1gw2dho-1 jCPjXa"
            >
              Airbag
            </dd>
            <dt
              class="fuse-list__Dt-sc-1gw2dho-2 jolBaN"
            >
              <button
                aria-label="Fuse number 11 used by Airbag"
                class="fuse-item__Fuse-sc-ubvqww-0 fEAcZ"
                type="button"
              >
                11
              </button>
            </dt>
          </div>
          <div
            class="fuse-list__ItemWrapper-sc-1gw2dho-4 ekVjBZ"
          >
            <dd
              class="fuse-list__Dd-sc-1gw2dho-1 jCPjXa"
            >
              Air conditioner
            </dd>
            <dt
              class="fuse-list__Dt-sc-1gw2dho-2 jolBaN"
            >
              <button
                aria-label="Fuse number 28 used by Air conditioner"
                class="fuse-item__Fuse-sc-ubvqww-0 fEAcZ"
                type="button"
              >
                28
              </button>
              <button
                aria-label="Fuse number 62 used by Air conditioner"
                class="fuse-item__Fuse-sc-ubvqww-0 fEAcZ"
                type="button"
              >
                62
              </button>
              <button
                aria-label="Fuse number 63 used by Air conditioner"
                class="fuse-item__Fuse-sc-ubvqww-0 fEAcZ"
                type="button"
              >
                63
              </button>
            </dt>
          </div>
          <div
            class="fuse-list__ItemWrapper-sc-1gw2dho-4 ekVjBZ"
          >
            <dd
              class="fuse-list__Dd-sc-1gw2dho-1 jCPjXa"
            >
              Automatic fearbox diesel
            </dd>
            <dt
              class="fuse-list__Dt-sc-1gw2dho-2 jolBaN"
            >
              <button
                aria-label="Fuse number 64 used by Automatic fearbox diesel"
                class="fuse-item__Fuse-sc-ubvqww-0 fEAcZ"
                type="button"
              >
                64
              </button>
            </dt>
          </div>
          <div
            class="fuse-list__ItemWrapper-sc-1gw2dho-4 ekVjBZ"
          >
            <dd
              class="fuse-list__Dd-sc-1gw2dho-1 jCPjXa"
            >
              Blower
            </dd>
            <dt
              class="fuse-list__Dt-sc-1gw2dho-2 jolBaN"
            >
              <button
                aria-label="Fuse number 28 used by Blower"
                class="fuse-item__Fuse-sc-ubvqww-0 fEAcZ"
                type="button"
              >
                28
              </button>
              <button
                aria-label="Fuse number 50 used by Blower"
                class="fuse-item__Fuse-sc-ubvqww-0 fEAcZ"
                type="button"
              >
                50
              </button>
            </dt>
          </div>
          <div
            class="fuse-list__ItemWrapper-sc-1gw2dho-4 ekVjBZ"
          >
            <dd
              class="fuse-list__Dd-sc-1gw2dho-1 jCPjXa"
            >
              Brake light
            </dd>
            <dt
              class="fuse-list__Dt-sc-1gw2dho-2 jolBaN"
            >
              <button
                aria-label="Fuse number 9 used by Brake light"
                class="fuse-item__Fuse-sc-ubvqww-0 fEAcZ"
                type="button"
              >
                9
              </button>
            </dt>
          </div>
          <div
            class="fuse-list__ItemWrapper-sc-1gw2dho-4 ekVjBZ"
          >
            <dd
              class="fuse-list__Dd-sc-1gw2dho-1 jCPjXa"
            >
              Central locking system
            </dd>
            <dt
              class="fuse-list__Dt-sc-1gw2dho-2 jolBaN"
            >
              <button
                aria-label="Fuse number 49 used by Central locking system"
                class="fuse-item__Fuse-sc-ubvqww-0 fEAcZ"
                type="button"
              >
                49
              </button>
              <button
                aria-label="Fuse number 52 used by Central locking system"
                class="fuse-item__Fuse-sc-ubvqww-0 fEAcZ"
                type="button"
              >
                52
              </button>
              <button
                aria-label="Fuse number 60 used by Central locking system"
                class="fuse-item__Fuse-sc-ubvqww-0 fEAcZ"
                type="button"
              >
                60
              </button>
            </dt>
          </div>
          <div
            class="fuse-list__ItemWrapper-sc-1gw2dho-4 ekVjBZ"
          >
            <dd
              class="fuse-list__Dd-sc-1gw2dho-1 jCPjXa"
            >
              Central locking system (only touring)
            </dd>
            <dt
              class="fuse-list__Dt-sc-1gw2dho-2 jolBaN"
            >
              <button
                aria-label="Fuse number 49 used by Central locking system (only touring)"
                class="fuse-item__Fuse-sc-ubvqww-0 fEAcZ"
                type="button"
              >
                49
              </button>
              <button
                aria-label="Fuse number 52 used by Central locking system (only touring)"
                class="fuse-item__Fuse-sc-ubvqww-0 fEAcZ"
                type="button"
              >
                52
              </button>
              <button
                aria-label="Fuse number 58 used by Central locking system (only touring)"
                class="fuse-item__Fuse-sc-ubvqww-0 fEAcZ"
                type="button"
              >
                58
              </button>
              <button
                aria-label="Fuse number 60 used by Central locking system (only touring)"
                class="fuse-item__Fuse-sc-ubvqww-0 fEAcZ"
                type="button"
              >
                60
              </button>
            </dt>
          </div>
        </dl>
        <dl
          class="fuse-list__Dl-sc-1gw2dho-0 kfBxpx"
        >
          <div
            class="fuse-list__ItemWrapper-sc-1gw2dho-4 ekVjBZ"
          >
            <dd
              class="fuse-list__Dd-sc-1gw2dho-1 jCPjXa"
            >
              Cigarette lighter
            </dd>
            <dt
              class="fuse-list__Dt-sc-1gw2dho-2 jolBaN"
            >
              <button
                aria-label="Fuse number 47 used by Cigarette lighter"
                class="fuse-item__Fuse-sc-ubvqww-0 fEAcZ"
                type="button"
              >
                47
              </button>
            </dt>
          </div>
        </dl>
      </div>
    </main>
  </div>
</DocumentFragment>
`;
